tpeds__model_default_112115_825am__demography_sel1_origin1__block_0__of_4__tar_gz__rep_0.ihs.out